---
source: src/http_server.rs
expression: res.text()
---
"<!DOCTYPE html><html><head><title>Eloran</title><meta charset=\"UTF-8\"><meta name=\"viewport\" content=\"width=device-width\"><link rel=\"stylesheet\" href=\"/css/eloran.css\"><meta http-equiv=\"Cache-Control\" content=\"no-cache, no-store, must-revalidate\"><meta http-equiv=\"Pragma\" content=\"no-cache\"><meta http-equiv=\"Expires\" content=\"0\"></head><body class=\"page-library\"><p>Please login :</p><p><form accept-charset=\"utf-8\" action=\"/login\" method=\"post\"><input type=\"text\" name=\"username\" placeholder=\"username\" required><br><input type=\"password\" name=\"password\" placeholder=\"password\" required><br><input type=\"submit\" value=\"Login\"></form></p></body></html>"
